// Jest Snapshot v1, https://goo.gl/fbAQLP

exports[`Test in PrimeraApp should show PrimeraApp 1`] = `
<Fragment>
  <h1>
    Hi, We are Paramore
  </h1>
  <p>
    Its a subtitle
  </p>
</Fragment>
`;
